8
9
19
87/123
134/45
134/1298
134/1298
93/1298
134/1298
