9/2
8/7
11/10
8/10
14/34
14/34
token: 923 hello
14/34
