thing
thing
new programming language
hello: 89
67
bye
new programming language
455
